<?xml version="1.0" encoding="utf-8"?><testsuites name="pytest tests"><testsuite name="pytest" errors="0" failures="0" skipped="0" tests="0" time="0.073" timestamp="2025-11-17T13:48:01.585172+01:00" hostname="LAPTOP-O20GS0K0" /></testsuites>